+--------+--------+-----------------+---------------+
|  NAME  | SOURCE | ALLOWED METHODS | ALLOWED PORTS |
+--------+--------+-----------------+---------------+
| simple |        | GET             | 8080          |
|        |        | POST            | 8443          |
+--------+--------+-----------------+---------------+
| simple | TODO   |                 |               |
+--------+--------+-----------------+---------------+
